// Jest Snapshot v1, https://goo.gl/fbAQLP

exports[`related item rating 1`] = `
[
  <svg
    className="ratingStars"
    fill="none"
    viewBox="0 0 12 12"
    xmlns="http://www.w3.org/2000/svg"
  >
    <path
      d="m5.28347 1.54595c.29345-.594594 1.14132-.594592 1.43478 0l1.11172 2.25261 2.48593.36123c.6562.09534.9182.90172.4433 1.36455l-1.79877 1.75341.42464 2.47586c.11209.65349-.57385 1.15189-1.16076.84339l-2.22345-1.16899-2.22346 1.16899c-.58691.3085-1.27285-.1899-1.16076-.84339l.42464-2.47586-1.79882-1.75341c-.474809-.46283-.2128-1.26921.44338-1.36455l2.4859-.36123z"
      fill="yellow"
    />
  </svg>,
  <svg
    className="ratingStars"
    fill="none"
    viewBox="0 0 12 12"
    xmlns="http://www.w3.org/2000/svg"
  >
    <path
      d="m5.28347 1.54595c.29345-.594594 1.14132-.594592 1.43478 0l1.11172 2.25261 2.48593.36123c.6562.09534.9182.90172.4433 1.36455l-1.79877 1.75341.42464 2.47586c.11209.65349-.57385 1.15189-1.16076.84339l-2.22345-1.16899-2.22346 1.16899c-.58691.3085-1.27285-.1899-1.16076-.84339l.42464-2.47586-1.79882-1.75341c-.474809-.46283-.2128-1.26921.44338-1.36455l2.4859-.36123z"
      fill="yellow"
    />
  </svg>,
  <svg
    className="ratingStars"
    fill="none"
    viewBox="0 0 12 12"
    xmlns="http://www.w3.org/2000/svg"
  >
    <path
      d="m5.28347 1.54595c.29345-.594594 1.14132-.594592 1.43478 0l1.11172 2.25261 2.48593.36123c.6562.09534.9182.90172.4433 1.36455l-1.79877 1.75341.42464 2.47586c.11209.65349-.57385 1.15189-1.16076.84339l-2.22345-1.16899-2.22346 1.16899c-.58691.3085-1.27285-.1899-1.16076-.84339l.42464-2.47586-1.79882-1.75341c-.474809-.46283-.2128-1.26921.44338-1.36455l2.4859-.36123z"
      fill="yellow"
    />
  </svg>,
  <svg
    className="ratingStars"
    fill="none"
    viewBox="0 0 12 12"
    xmlns="http://www.w3.org/2000/svg"
  >
    <path
      d="m6.71825 1.54592c-.29346-.594593-1.14133-.594594-1.43478 0l-1.11173 2.25256-2.4859.36122c-.42678.06202-.686822.42482-.68584.79825.00052.20073.07646.40454.24246.56636l1.79882 1.75341-.42464 2.47581c-.00701.04086-.0109.08112-.01189.12061-.00113.04538.00156.08975.00775.13286.07458.5195.65685.857 1.1649.5899l2.22346-1.16892 2.22345 1.16892c.58691.3086 1.27285-.1898 1.16076-.84332l-.42464-2.47586 1.79877-1.75341c.4749-.46283.2129-1.26921-.4433-1.36455l-2.48593-.36123zm-1.71825 7.27847v-4.44764c.00769-.01352.01501-.02731.02194-.04136l.97892-1.9835.97891 1.9835c.11653.23611.34179.39977.60235.43763l2.18893.31807-1.58392 1.54394c-.18855.18379-.27459.44859-.23008.7081l.37391 2.18008-1.95783-1.02929c-.23306-.12253-.51149-.12253-.74455 0z"
      fill="yellow"
    />
  </svg>,
  <svg
    className="ratingStars"
    fill="none"
    viewBox="0 0 12 12"
    xmlns="http://www.w3.org/2000/svg"
  >
    <path
      d="m5.28347 1.54595c.29345-.594594 1.14132-.594592 1.43478 0l1.11172 2.25261 2.48593.36123c.6562.09534.9182.90172.4433 1.36455l-1.79877 1.75341.42464 2.47586c.11209.65349-.57385 1.15189-1.16076.84339l-2.22345-1.16899-2.22346 1.16899c-.58691.3085-1.27285-.1899-1.16076-.84339l.42464-2.47586-1.79882-1.75341c-.474809-.46283-.2128-1.26921.44338-1.36455l2.4859-.36123zm.71739.80597-.97892 1.9835c-.11653.23611-.34178.39977-.60235.43763l-2.18892.31807 1.58392 1.54394c.18854.18379.27458.44859.23007.7081l-.37391 2.18008 1.95783-1.02929c.23306-.12253.51149-.12253.74455 0l1.95783 1.02929-.37391-2.18007c-.04451-.25952.04153-.52432.23008-.70811l1.58392-1.54394-2.18893-.31807c-.26056-.03786-.48582-.20152-.60235-.43763z"
      fill="yellow"
    />
  </svg>,
  <span
    className="relatedItemRatingTooltip"
  >
    rating: 
    3.34
  </span>,
]
`;
