// Jest Snapshot v1, https://goo.gl/fbAQLP

exports[`The Review List should having interactive elements expect the reviews list to exist 1`] = `
<div
  className="ReviewsList"
>
  <div>
    <label>
      Sort on
      <select
        onChange={[Function]}
      >
        <option
          value="relevant"
        >
          relevant
        </option>
        <option
          value="helpful"
        >
          helpful
        </option>
        <option
          value="newest"
        >
          newest
        </option>
      </select>
    </label>
  </div>
  <div
    className="innerReviewList"
  >
    <div
      className="oneReview"
    >
      <div>
        <div
          className="oneReviewRatingStars"
        >
          <svg
            className="ReviewRatingStars"
            fill="none"
            viewBox="0 0 12 12"
            xmlns="http://www.w3.org/2000/svg"
          >
            <path
              d="m5.28347 1.54595c.29345-.594594 1.14132-.594592 1.43478 0l1.11172 2.25261 2.48593.36123c.6562.09534.9182.90172.4433 1.36455l-1.79877 1.75341.42464 2.47586c.11209.65349-.57385 1.15189-1.16076.84339l-2.22345-1.16899-2.22346 1.16899c-.58691.3085-1.27285-.1899-1.16076-.84339l.42464-2.47586-1.79882-1.75341c-.474809-.46283-.2128-1.26921.44338-1.36455l2.4859-.36123z"
              fill="#212121"
            />
          </svg>
          <svg
            className="ReviewRatingStars"
            fill="none"
            viewBox="0 0 12 12"
            xmlns="http://www.w3.org/2000/svg"
          >
            <path
              d="m5.28347 1.54595c.29345-.594594 1.14132-.594592 1.43478 0l1.11172 2.25261 2.48593.36123c.6562.09534.9182.90172.4433 1.36455l-1.79877 1.75341.42464 2.47586c.11209.65349-.57385 1.15189-1.16076.84339l-2.22345-1.16899-2.22346 1.16899c-.58691.3085-1.27285-.1899-1.16076-.84339l.42464-2.47586-1.79882-1.75341c-.474809-.46283-.2128-1.26921.44338-1.36455l2.4859-.36123zm.71739.80597-.97892 1.9835c-.11653.23611-.34178.39977-.60235.43763l-2.18892.31807 1.58392 1.54394c.18854.18379.27458.44859.23007.7081l-.37391 2.18008 1.95783-1.02929c.23306-.12253.51149-.12253.74455 0l1.95783 1.02929-.37391-2.18007c-.04451-.25952.04153-.52432.23008-.70811l1.58392-1.54394-2.18893-.31807c-.26056-.03786-.48582-.20152-.60235-.43763z"
              fill="#212121"
            />
          </svg>
          <svg
            className="ReviewRatingStars"
            fill="none"
            viewBox="0 0 12 12"
            xmlns="http://www.w3.org/2000/svg"
          >
            <path
              d="m5.28347 1.54595c.29345-.594594 1.14132-.594592 1.43478 0l1.11172 2.25261 2.48593.36123c.6562.09534.9182.90172.4433 1.36455l-1.79877 1.75341.42464 2.47586c.11209.65349-.57385 1.15189-1.16076.84339l-2.22345-1.16899-2.22346 1.16899c-.58691.3085-1.27285-.1899-1.16076-.84339l.42464-2.47586-1.79882-1.75341c-.474809-.46283-.2128-1.26921.44338-1.36455l2.4859-.36123zm.71739.80597-.97892 1.9835c-.11653.23611-.34178.39977-.60235.43763l-2.18892.31807 1.58392 1.54394c.18854.18379.27458.44859.23007.7081l-.37391 2.18008 1.95783-1.02929c.23306-.12253.51149-.12253.74455 0l1.95783 1.02929-.37391-2.18007c-.04451-.25952.04153-.52432.23008-.70811l1.58392-1.54394-2.18893-.31807c-.26056-.03786-.48582-.20152-.60235-.43763z"
              fill="#212121"
            />
          </svg>
          <svg
            className="ReviewRatingStars"
            fill="none"
            viewBox="0 0 12 12"
            xmlns="http://www.w3.org/2000/svg"
          >
            <path
              d="m5.28347 1.54595c.29345-.594594 1.14132-.594592 1.43478 0l1.11172 2.25261 2.48593.36123c.6562.09534.9182.90172.4433 1.36455l-1.79877 1.75341.42464 2.47586c.11209.65349-.57385 1.15189-1.16076.84339l-2.22345-1.16899-2.22346 1.16899c-.58691.3085-1.27285-.1899-1.16076-.84339l.42464-2.47586-1.79882-1.75341c-.474809-.46283-.2128-1.26921.44338-1.36455l2.4859-.36123zm.71739.80597-.97892 1.9835c-.11653.23611-.34178.39977-.60235.43763l-2.18892.31807 1.58392 1.54394c.18854.18379.27458.44859.23007.7081l-.37391 2.18008 1.95783-1.02929c.23306-.12253.51149-.12253.74455 0l1.95783 1.02929-.37391-2.18007c-.04451-.25952.04153-.52432.23008-.70811l1.58392-1.54394-2.18893-.31807c-.26056-.03786-.48582-.20152-.60235-.43763z"
              fill="#212121"
            />
          </svg>
          <svg
            className="ReviewRatingStars"
            fill="none"
            viewBox="0 0 12 12"
            xmlns="http://www.w3.org/2000/svg"
          >
            <path
              d="m5.28347 1.54595c.29345-.594594 1.14132-.594592 1.43478 0l1.11172 2.25261 2.48593.36123c.6562.09534.9182.90172.4433 1.36455l-1.79877 1.75341.42464 2.47586c.11209.65349-.57385 1.15189-1.16076.84339l-2.22345-1.16899-2.22346 1.16899c-.58691.3085-1.27285-.1899-1.16076-.84339l.42464-2.47586-1.79882-1.75341c-.474809-.46283-.2128-1.26921.44338-1.36455l2.4859-.36123zm.71739.80597-.97892 1.9835c-.11653.23611-.34178.39977-.60235.43763l-2.18892.31807 1.58392 1.54394c.18854.18379.27458.44859.23007.7081l-.37391 2.18008 1.95783-1.02929c.23306-.12253.51149-.12253.74455 0l1.95783 1.02929-.37391-2.18007c-.04451-.25952.04153-.52432.23008-.70811l1.58392-1.54394-2.18893-.31807c-.26056-.03786-.48582-.20152-.60235-.43763z"
              fill="#212121"
            />
          </svg>
        </div>
        <div
          className="reviewerNameAndDate"
        >
          Roselyn_West11
          <span>
            , 
          </span>
          April 23, 2021
        </div>
        <div
          className="responseFromSeller"
        >
          <strong>
             Response from Seller 
          </strong>
          <div>
             
            "Expedita repellat quaerat debitis ab qui eos est voluptatibus."
          </div>
        </div>
      </div>
      <p>
        <strong>
          Mollitia nemo sunt.
        </strong>
      </p>
      <div
        className="oneReviewBody"
      >
        Another testing sample.
      </div>
      <div>
        <img
          className="oneReviewImage"
          onClick={[Function]}
        />
      </div>
      <div>
        Was this review helpful?
        <div
          className="wasItHelpful"
          onClick={[Function]}
        >
          Yes
          (
          29
          )
        </div>
        <span
          className="wasItHelpfulLine"
        >
           | 
        </span>
        <div
          className="wasItHelpful"
          onClick={[Function]}
        >
          Report
        </div>
      </div>
    </div>
    <div
      className="oneReview"
    >
      <div>
        <div
          className="oneReviewRatingStars"
        >
          <svg
            className="ReviewRatingStars"
            fill="none"
            viewBox="0 0 12 12"
            xmlns="http://www.w3.org/2000/svg"
          >
            <path
              d="m5.28347 1.54595c.29345-.594594 1.14132-.594592 1.43478 0l1.11172 2.25261 2.48593.36123c.6562.09534.9182.90172.4433 1.36455l-1.79877 1.75341.42464 2.47586c.11209.65349-.57385 1.15189-1.16076.84339l-2.22345-1.16899-2.22346 1.16899c-.58691.3085-1.27285-.1899-1.16076-.84339l.42464-2.47586-1.79882-1.75341c-.474809-.46283-.2128-1.26921.44338-1.36455l2.4859-.36123z"
              fill="#212121"
            />
          </svg>
          <svg
            className="ReviewRatingStars"
            fill="none"
            viewBox="0 0 12 12"
            xmlns="http://www.w3.org/2000/svg"
          >
            <path
              d="m5.28347 1.54595c.29345-.594594 1.14132-.594592 1.43478 0l1.11172 2.25261 2.48593.36123c.6562.09534.9182.90172.4433 1.36455l-1.79877 1.75341.42464 2.47586c.11209.65349-.57385 1.15189-1.16076.84339l-2.22345-1.16899-2.22346 1.16899c-.58691.3085-1.27285-.1899-1.16076-.84339l.42464-2.47586-1.79882-1.75341c-.474809-.46283-.2128-1.26921.44338-1.36455l2.4859-.36123zm.71739.80597-.97892 1.9835c-.11653.23611-.34178.39977-.60235.43763l-2.18892.31807 1.58392 1.54394c.18854.18379.27458.44859.23007.7081l-.37391 2.18008 1.95783-1.02929c.23306-.12253.51149-.12253.74455 0l1.95783 1.02929-.37391-2.18007c-.04451-.25952.04153-.52432.23008-.70811l1.58392-1.54394-2.18893-.31807c-.26056-.03786-.48582-.20152-.60235-.43763z"
              fill="#212121"
            />
          </svg>
          <svg
            className="ReviewRatingStars"
            fill="none"
            viewBox="0 0 12 12"
            xmlns="http://www.w3.org/2000/svg"
          >
            <path
              d="m5.28347 1.54595c.29345-.594594 1.14132-.594592 1.43478 0l1.11172 2.25261 2.48593.36123c.6562.09534.9182.90172.4433 1.36455l-1.79877 1.75341.42464 2.47586c.11209.65349-.57385 1.15189-1.16076.84339l-2.22345-1.16899-2.22346 1.16899c-.58691.3085-1.27285-.1899-1.16076-.84339l.42464-2.47586-1.79882-1.75341c-.474809-.46283-.2128-1.26921.44338-1.36455l2.4859-.36123zm.71739.80597-.97892 1.9835c-.11653.23611-.34178.39977-.60235.43763l-2.18892.31807 1.58392 1.54394c.18854.18379.27458.44859.23007.7081l-.37391 2.18008 1.95783-1.02929c.23306-.12253.51149-.12253.74455 0l1.95783 1.02929-.37391-2.18007c-.04451-.25952.04153-.52432.23008-.70811l1.58392-1.54394-2.18893-.31807c-.26056-.03786-.48582-.20152-.60235-.43763z"
              fill="#212121"
            />
          </svg>
          <svg
            className="ReviewRatingStars"
            fill="none"
            viewBox="0 0 12 12"
            xmlns="http://www.w3.org/2000/svg"
          >
            <path
              d="m5.28347 1.54595c.29345-.594594 1.14132-.594592 1.43478 0l1.11172 2.25261 2.48593.36123c.6562.09534.9182.90172.4433 1.36455l-1.79877 1.75341.42464 2.47586c.11209.65349-.57385 1.15189-1.16076.84339l-2.22345-1.16899-2.22346 1.16899c-.58691.3085-1.27285-.1899-1.16076-.84339l.42464-2.47586-1.79882-1.75341c-.474809-.46283-.2128-1.26921.44338-1.36455l2.4859-.36123zm.71739.80597-.97892 1.9835c-.11653.23611-.34178.39977-.60235.43763l-2.18892.31807 1.58392 1.54394c.18854.18379.27458.44859.23007.7081l-.37391 2.18008 1.95783-1.02929c.23306-.12253.51149-.12253.74455 0l1.95783 1.02929-.37391-2.18007c-.04451-.25952.04153-.52432.23008-.70811l1.58392-1.54394-2.18893-.31807c-.26056-.03786-.48582-.20152-.60235-.43763z"
              fill="#212121"
            />
          </svg>
          <svg
            className="ReviewRatingStars"
            fill="none"
            viewBox="0 0 12 12"
            xmlns="http://www.w3.org/2000/svg"
          >
            <path
              d="m5.28347 1.54595c.29345-.594594 1.14132-.594592 1.43478 0l1.11172 2.25261 2.48593.36123c.6562.09534.9182.90172.4433 1.36455l-1.79877 1.75341.42464 2.47586c.11209.65349-.57385 1.15189-1.16076.84339l-2.22345-1.16899-2.22346 1.16899c-.58691.3085-1.27285-.1899-1.16076-.84339l.42464-2.47586-1.79882-1.75341c-.474809-.46283-.2128-1.26921.44338-1.36455l2.4859-.36123zm.71739.80597-.97892 1.9835c-.11653.23611-.34178.39977-.60235.43763l-2.18892.31807 1.58392 1.54394c.18854.18379.27458.44859.23007.7081l-.37391 2.18008 1.95783-1.02929c.23306-.12253.51149-.12253.74455 0l1.95783 1.02929-.37391-2.18007c-.04451-.25952.04153-.52432.23008-.70811l1.58392-1.54394-2.18893-.31807c-.26056-.03786-.48582-.20152-.60235-.43763z"
              fill="#212121"
            />
          </svg>
        </div>
        <div
          className="reviewerNameAndDate"
        >
          Joseph_West11
          <span>
            , 
          </span>
          April 20, 2021
        </div>
        <div
          className="responseFromSeller"
        >
          <strong>
             Response from Seller 
          </strong>
          <div>
             
            "Expedita repellat quaerat debitis ab qui eos est voluptatibus."
          </div>
        </div>
      </div>
      <p>
        <strong>
          Mollitia nemo sunt.
        </strong>
      </p>
      <div
        className="oneReviewBody"
      >
        Quis maiores et pariatur et reprehenderit quos neque distinctio et. Qui quo quo laborum eaque pariatur. Nostrum natus non ut fuga dolorem est corporis. Eum quisquam veritatis aspernatur voluptatum officia sed dolor rerum. Aut dolores natus ducimus to...
        <div
          className="linkToClick"
          onClick={[Function]}
        >
          Show More
        </div>
      </div>
      <div>
        <img
          className="oneReviewImage"
          onClick={[Function]}
        />
      </div>
      <div>
        Was this review helpful?
        <div
          className="wasItHelpful"
          onClick={[Function]}
        >
          Yes
          (
          29
          )
        </div>
        <span
          className="wasItHelpfulLine"
        >
           | 
        </span>
        <div
          className="wasItHelpful"
          onClick={[Function]}
        >
          Report
        </div>
      </div>
    </div>
  </div>
  <div>
    <div
      className="moreReviewsButton"
    >
      <div>
        <button
          className="more-questions-button"
          onClick={[Function]}
        >
          More Reviews
        </button>
      </div>
    </div>
    <div
      className="moreReviewsButton"
    >
      <button
        className="more-questions-button"
        onClick={[Function]}
      >
        Add A Review
      </button>
    </div>
  </div>
</div>
`;
